172\.16\.1\.1          peer1
172\.16\.1\.2          peer2
172\.16\.1\.3          peer3
