172\.16\.1\.1          peer1                          aWosQEdndReq6diLeGq2BKKl0fFGA7v\/3Qbwu9pbYxg=
172\.16\.1\.2          peer2                          iCJSbobpCRHCG2\/WP9D1\/viGlv\+WrNpWtd1XkRzyrFs=
172\.16\.1\.3          peer3                          sumgkcdEO3HytLakj3eFdiYU7V0GKANDdIMDLNHxl1c=
