peer1                    IN   A    172\.16\.1\.1
peer2                    IN   A    172\.16\.1\.2
peer3                    IN   A    172\.16\.1\.3
