172\.16\.1\.1          peer1                          # Added by wolle at 2020-03-01
172\.16\.1\.2          peer2                          # Added by wolle at 2020-03-01
172\.16\.1\.3          peer3                          # Added by wolle at 2020-03-01
