Available formats: hosts, added, pubkeys, dns-zone
Error: Unknown format invalid!
