Remove WireGuard peer\(s\) from /tmp/tmp\.[[:alnum:]]+/infile
Enter PublicKey: No peer with this PublicKey was found!
Remove another peer\? \[y/N\] 
