Add WireGuard peer\(s\) to /tmp/tmp\.[[:alnum:]]+/infile
Name: A peer with this Name already exists!
Name: 
