Error: Invalid AllowedIPs \(<addr>\[/cidr\]\[,<addr>\[/cidr\]\[,\.\.\.\]\]\)
