Add wg-setup tokens to /tmp/tmp\..+/infile
Name: AllowedIPs: 
[A-Z2-7]{8}		172\.16\.1\.1/32		peer1
Add another token\? \[y/N\] 
