Remove WireGuard peer\(s\) from infile
Enter PublicKey: \[WireGuardPeer\]
# peer without "Added"-line
PublicKey = iCJSbobpCRHCG2/WP9D1/viGlv\+WrNpWtd1XkRzyrFs=
AllowedIPs = 172\.16\.1\.2/32

Really remove this peer from infile\? \[y/N\] OK\. Remove this configuration from running interface \? \[y/N\] Remove another peer\? \[y/N\] 
