Remove WireGuard peer\(s\) from infile
Enter PublicKey: \[WireGuardPeer\]
# peer2
# Added by wolle at 2020-03-01
PublicKey = iCJSbobpCRHCG2/WP9D1/viGlv\+WrNpWtd1XkRzyrFs=
AllowedIPs = 172\.16\.1\.2/32
PersistentKeepalive = 25

Really remove this peer from infile\? \[y/N\] OK\. Remove this configuration from running interface \? \[y/N\] Remove another peer\? \[y/N\] 
