Add WireGuard peer\(s\) to infile
Name: PublicKey: AllowedIPs \(including prefix length\): A peer with this AllowedIPs already exists!
Add another peer\? \[y/N\] 
