Add WireGuard peer\(s\) to infile
Name: A peer with this Name already exists!
Add another peer\? \[y/N\] 
