Add WireGuard peer\(s\) to infile
Name: PublicKey: A peer with this PublicKey already exists!
Add another peer\? \[y/N\] 
